src/routes/auth.routes.ts(9,19): error TS2304: Cannot find name 'authenticate'.
